[ "@generated", { "key": "a/b/c/d" }, { "key": "bar" }, { "key": "foo" } ]